
> sis-ventas-backend@1.0.0 test
> jest

node.exe : FAIL 
src/tests/controllers/sales.controller.test.ts
En C:\Program Files\nodejs\npm.ps1: 29 Carácter: 3
+   & $NODE_EXE $NPM_CLI_JS $args
+   ~~~~~~~~~~~~~~~~~~~~~~~~~~~~~
    + CategoryInfo          : NotSpecified: (FAIL 
src/te    sts/...troller.test.ts:String) [], 
RemoteException
    + FullyQualifiedErrorId : NativeCommandError
 
  SalesController
    ÔêÜ should create a sale (4 ms)
    ├ù should fail if user context is missing (1 ms)
    ÔêÜ should add item to sale (1 ms)

  ÔùÅ SalesController ÔÇ║ should fail if user context 
is missing

    TypeError: Cannot destructure property 
'cliente_id' of 'req.body' as it is undefined.

    [0m [90m 17 |[39m
     [90m 18 |[39m     [36mpublic[39m 
[36masync[39m createSale(req[33m:[39m 
[33mRequest[39m[33m,[39m res[33m:[39m 
[33mResponse[39m) {
    [31m[1m>[22m[39m[90m 19 |[39m         
[36mconst[39m { cliente_id[33m,[39m urgente } 
[33m=[39m req[33m.[39mbody[33m;[39m
     [90m    |[39m                 
[31m[1m^[22m[39m
     [90m 20 |[39m
     [90m 21 |[39m         [36mconst[39m 
vendedor_id [33m=[39m 
req[33m.[39muser[33m?[39m[33m.[39mid[33m;[39m
     [90m 22 |[39m         [36mconst[39m 
sucursal_id [33m=[39m req[33m.[39muser[33m?[39m[
33m.[39msucursal_id[33m;[39m[0m

      at SalesController.createSale 
(src/controllers/sales.controller.ts:19:17)
      at Object.<anonymous> 
(src/tests/controllers/sales.controller.test.ts:50:45)

  console.log
    Error: Database error
        at Object.<anonymous> (H:\MyProyects\LOA\sis-ventas-backend\src\tests\controllers\brand.controller.test.ts:90:23)
        at Promise.finally.completed (H:\MyProyects\LOA\sis-ventas-backend\node_modules\jest-circus\build\jestAdapterInit.js:1557:28)
        at new Promise (<anonymous>)
        at callAsyncCircusFn (H:\MyProyects\LOA\sis-ventas-backend\node_modules\jest-circus\build\jestAdapterInit.js:1497:10)
        at _callCircusTest (H:\MyProyects\LOA\sis-ventas-backend\node_modules\jest-circus\build\jestAdapterInit.js:1007:40)
        at _runTest (H:\MyProyects\LOA\sis-ventas-backend\node_modules\jest-circus\build\jestAdapterInit.js:947:3)
        at H:\MyProyects\LOA\sis-ventas-backend\node_modules\jest-circus\build\jestAdapterInit.js:849:7
        at _runTestsForDescribeBlock (H:\MyProyects\LOA\sis-ventas-backend\node_modules\jest-circus\build\jestAdapterInit.js:862:11)
        at _runTestsForDescribeBlock (H:\MyProyects\LOA\sis-ventas-backend\node_modules\jest-circus\build\jestAdapterInit.js:857:11)
        at run (H:\MyProyects\LOA\sis-ventas-backend\node_modules\jest-circus\build\jestAdapterInit.js:761:3)
        at runAndTransformResultsToJestFormat (H:\MyProyects\LOA\sis-ventas-backend\node_modules\jest-circus\build\jestAdapterInit.js:1918:21)
        at jestAdapter (H:\MyProyects\LOA\sis-ventas-backend\node_modules\jest-circus\build\runner.js:101:19)
        at runTestInternal (H:\MyProyects\LOA\sis-ventas-backend\node_modules\jest-runner\build\index.js:275:16)
        at runTest (H:\MyProyects\LOA\sis-ventas-backend\node_modules\jest-runner\build\index.js:343:7)

      at BrandController.createBrand (src/controllers/brand.controller.ts:25:21)

PASS src/tests/controllers/brand.controller.test.ts
  BrandController
    ÔêÜ should create a brand (2 ms)
    ÔêÜ should update a brand (1 ms)
    ÔêÜ should get all brands (2 ms)
    ÔêÜ should get brand by id (1 ms)
    ÔêÜ should delete a brand (1 ms)
    ÔêÜ should handle errors (16 ms)

PASS src/tests/controllers/products.controller.test.ts
  ProductsController
    ÔêÜ should create a product (1 ms)
    ÔêÜ should create a product and generate QR for 
ARMAZON (1 ms)
    ÔêÜ should update a product (1 ms)
    ÔêÜ should get available products (1 ms)
    ÔêÜ should get all products
    ÔêÜ should delete (deactivate) a product
    ÔêÜ should get product by id (1 ms)
    ÔêÜ should list products (1 ms)

PASS src/tests/controllers/users.controller.test.ts
  UsersController
    ÔêÜ should create user (1 ms)
    ÔêÜ should login user (1 ms)
    ÔêÜ should validate token

PASS src/tests/controllers/services.controller.test.ts
  ServicesController
    ÔêÜ should create service (1 ms)
    ÔêÜ should list services
    ÔêÜ should get service by id (1 ms)
    ÔêÜ should update service (1 ms)
    ÔêÜ should delete service (1 ms)

PASS 
src/tests/controllers/sales_items.controller.test.ts
  SalesItemsController
    ÔêÜ should create sales item (1 ms)
    ÔêÜ should get items by sale id (1 ms)
    ÔêÜ should update sales item (1 ms)
    ÔêÜ should delete sales item (1 ms)

PASS src/tests/controllers/employees.controller.test.ts
  EmployeesController
    ÔêÜ should create an employee (1 ms)
    ÔêÜ should get employees
    ÔêÜ should get employee by id (1 ms)
    ÔêÜ should update an employee (1 ms)
    ÔêÜ should delete an employee

PASS src/tests/controllers/tenants.controller.test.ts
  TenantsController
    ÔêÜ should create tenant (1 ms)
    ÔêÜ should list tenants (1 ms)
    ÔêÜ should get tenant by id
    ÔêÜ should update tenant
    ÔêÜ should delete tenant (1 ms)

PASS src/tests/controllers/doctors.controller.test.ts
  DoctorController
    ÔêÜ should create a doctor (2 ms)
    ÔêÜ should get doctor by id (1 ms)
    ÔêÜ should list doctors
    ÔêÜ should update doctor (1 ms)
    ÔêÜ should deactivate doctor

PASS src/tests/controllers/tickets.controller.test.ts
  TicketsController
    ÔêÜ should create ticket (1 ms)
    ÔêÜ should list tickets (1 ms)
    ÔêÜ should get ticket by id
    ÔêÜ should update ticket
    ÔêÜ should delete ticket (1 ms)

PASS src/tests/controllers/payments.controller.test.ts
  PaymentsController
    ÔêÜ should create payment (1 ms)
    ÔêÜ should create MP preference
    ÔêÜ should handle webhook (1 ms)

PASS src/tests/controllers/clients.controller.test.ts
  ClientsController
    ÔêÜ should create a client (1 ms)
    ÔêÜ should get clients
    ÔêÜ should get client by id (1 ms)
    ÔêÜ should update a client
    ÔêÜ should delete a client (1 ms)

PASS src/tests/controllers/getStockAlerts.test.ts
  getStockAlerts
    ÔêÜ should get stock alerts (1 ms)

PASS 
src/tests/controllers/prescription.controller.test.ts
  PrescriptionController
    ÔêÜ should create prescription (2 ms)
    ÔêÜ should upload prescription (1 ms)
    ÔêÜ should get prescription by id

Test Suites: 1 failed, 13 passed, 14 total
Tests:       1 failed, 60 passed, 61 total
Snapshots:   0 total
Time:        1.152 s
Ran all test suites.
