
> sis-ventas-backend@1.0.0 test
> jest

  console.log
    Error: Database error
        at Object.<anonymous> (H:\MyProyects\LOA\sis-ventas-backend\src\tests\controllers\brand.controller.test.ts:90:23)
        at Promise.finally.completed (H:\MyProyects\LOA\sis-ventas-backend\node_modules\jest-circus\build\jestAdapterInit.js:1557:28)
        at new Promise (<anonymous>)
        at callAsyncCircusFn (H:\MyProyects\LOA\sis-ventas-backend\node_modules\jest-circus\build\jestAdapterInit.js:1497:10)
        at _callCircusTest (H:\MyProyects\LOA\sis-ventas-backend\node_modules\jest-circus\build\jestAdapterInit.js:1007:40)
        at _runTest (H:\MyProyects\LOA\sis-ventas-backend\node_modules\jest-circus\build\jestAdapterInit.js:947:3)
        at H:\MyProyects\LOA\sis-ventas-backend\node_modules\jest-circus\build\jestAdapterInit.js:849:7
        at _runTestsForDescribeBlock (H:\MyProyects\LOA\sis-ventas-backend\node_modules\jest-circus\build\jestAdapterInit.js:862:11)
        at _runTestsForDescribeBlock (H:\MyProyects\LOA\sis-ventas-backend\node_modules\jest-circus\build\jestAdapterInit.js:857:11)
        at run (H:\MyProyects\LOA\sis-ventas-backend\node_modules\jest-circus\build\jestAdapterInit.js:761:3)
        at runAndTransformResultsToJestFormat (H:\MyProyects\LOA\sis-ventas-backend\node_modules\jest-circus\build\jestAdapterInit.js:1918:21)
        at jestAdapter (H:\MyProyects\LOA\sis-ventas-backend\node_modules\jest-circus\build\runner.js:101:19)
        at runTestInternal (H:\MyProyects\LOA\sis-ventas-backend\node_modules\jest-runner\build\index.js:275:16)
        at runTest (H:\MyProyects\LOA\sis-ventas-backend\node_modules\jest-runner\build\index.js:343:7)

      at BrandController.createBrand (src/controllers/brand.controller.ts:25:21)

